Archive member included to satisfy reference by file (symbol)

C:/devkitPro/portlibs/switch/lib\libSDL2_mixer.a(mixer.o)
                              main.o (Mix_Init)
C:/devkitPro/portlibs/switch/lib\libSDL2_mixer.a(music.o)
                              C:/devkitPro/portlibs/switch/lib\libSDL2_mixer.a(mixer.o) (get_num_music_interfaces)
C:/devkitPro/portlibs/switch/lib\libSDL2_mixer.a(music_modplug.o)
                              C:/devkitPro/portlibs/switch/lib\libSDL2_mixer.a(music.o) (Mix_MusicInterface_MODPLUG)
C:/devkitPro/portlibs/switch/lib\libSDL2_mixer.a(music_mpg123.o)
                              C:/devkitPro/portlibs/switch/lib\libSDL2_mixer.a(music.o) (Mix_MusicInterface_MPG123)
C:/devkitPro/portlibs/switch/lib\libSDL2_mixer.a(music_ogg.o)
                              C:/devkitPro/portlibs/switch/lib\libSDL2_mixer.a(music.o) (Mix_MusicInterface_OGG)
C:/devkitPro/portlibs/switch/lib\libSDL2_mixer.a(music_timidity.o)
                              C:/devkitPro/portlibs/switch/lib\libSDL2_mixer.a(music.o) (Mix_MusicInterface_TIMIDITY)
C:/devkitPro/portlibs/switch/lib\libSDL2_mixer.a(music_wav.o)
                              C:/devkitPro/portlibs/switch/lib\libSDL2_mixer.a(music.o) (Mix_MusicInterface_WAV)
C:/devkitPro/portlibs/switch/lib\libSDL2_mixer.a(playmidi.o)
                              C:/devkitPro/portlibs/switch/lib\libSDL2_mixer.a(music_timidity.o) (Timidity_Start)
C:/devkitPro/portlibs/switch/lib\libSDL2_mixer.a(tables.o)
                              C:/devkitPro/portlibs/switch/lib\libSDL2_mixer.a(playmidi.o) (bend_coarse)
C:/devkitPro/portlibs/switch/lib\libSDL2_mixer.a(timidity.o)
                              C:/devkitPro/portlibs/switch/lib\libSDL2_mixer.a(music_timidity.o) (Timidity_Init)
C:/devkitPro/portlibs/switch/lib\libSDL2_mixer.a(effects_internal.o)
                              C:/devkitPro/portlibs/switch/lib\libSDL2_mixer.a(mixer.o) (_Mix_InitEffects)
C:/devkitPro/portlibs/switch/lib\libSDL2_mixer.a(load_aiff.o)
                              C:/devkitPro/portlibs/switch/lib\libSDL2_mixer.a(mixer.o) (Mix_LoadAIFF_RW)
C:/devkitPro/portlibs/switch/lib\libSDL2_mixer.a(load_voc.o)
                              C:/devkitPro/portlibs/switch/lib\libSDL2_mixer.a(mixer.o) (Mix_LoadVOC_RW)
C:/devkitPro/portlibs/switch/lib\libSDL2_mixer.a(common.o)
                              C:/devkitPro/portlibs/switch/lib\libSDL2_mixer.a(timidity.o) (open_file)
C:/devkitPro/portlibs/switch/lib\libSDL2_mixer.a(instrum.o)
                              C:/devkitPro/portlibs/switch/lib\libSDL2_mixer.a(timidity.o) (load_missing_instruments)
C:/devkitPro/portlibs/switch/lib\libSDL2_mixer.a(mix.o)
                              C:/devkitPro/portlibs/switch/lib\libSDL2_mixer.a(playmidi.o) (recompute_envelope)
C:/devkitPro/portlibs/switch/lib\libSDL2_mixer.a(output.o)
                              C:/devkitPro/portlibs/switch/lib\libSDL2_mixer.a(timidity.o) (s32tos8)
C:/devkitPro/portlibs/switch/lib\libSDL2_mixer.a(readmidi.o)
                              C:/devkitPro/portlibs/switch/lib\libSDL2_mixer.a(timidity.o) (read_midi_file)
C:/devkitPro/portlibs/switch/lib\libSDL2_mixer.a(resample.o)
                              C:/devkitPro/portlibs/switch/lib\libSDL2_mixer.a(mix.o) (resample_voice)
C:/devkitPro/portlibs/switch/lib\libSDL2_mixer.a(effect_position.o)
                              C:/devkitPro/portlibs/switch/lib\libSDL2_mixer.a(effects_internal.o) (_Eff_PositionDeinit)
C:/devkitPro/portlibs/switch/lib\libSDL2.a(SDL.o)
                              C:/devkitPro/portlibs/switch/lib\libSDL2_mixer.a(mixer.o) (SDL_InitSubSystem)
C:/devkitPro/portlibs/switch/lib\libSDL2.a(SDL_assert.o)
                              C:/devkitPro/portlibs/switch/lib\libSDL2.a(SDL.o) (SDL_AssertionsQuit)
C:/devkitPro/portlibs/switch/lib\libSDL2.a(SDL_error.o)
                              C:/devkitPro/portlibs/switch/lib\libSDL2_mixer.a(mixer.o) (SDL_SetError)
C:/devkitPro/portlibs/switch/lib\libSDL2.a(SDL_hints.o)
                              C:/devkitPro/portlibs/switch/lib\libSDL2_mixer.a(music.o) (SDL_GetHintBoolean)
C:/devkitPro/portlibs/switch/lib\libSDL2.a(SDL_log.o)
                              C:/devkitPro/portlibs/switch/lib\libSDL2.a(SDL_error.o) (SDL_LogGetPriority)
C:/devkitPro/portlibs/switch/lib\libSDL2.a(SDL_spinlock.o)
                              C:/devkitPro/portlibs/switch/lib\libSDL2.a(SDL_assert.o) (SDL_AtomicLock)
C:/devkitPro/portlibs/switch/lib\libSDL2.a(SDL_audio.o)
                              C:/devkitPro/portlibs/switch/lib\libSDL2_mixer.a(mixer.o) (SDL_PauseAudioDevice)
C:/devkitPro/portlibs/switch/lib\libSDL2.a(SDL_audiocvt.o)
                              C:/devkitPro/portlibs/switch/lib\libSDL2.a(SDL_audio.o) (SDL_FreeResampleFilter)
C:/devkitPro/portlibs/switch/lib\libSDL2.a(SDL_audiotypecvt.o)
                              C:/devkitPro/portlibs/switch/lib\libSDL2.a(SDL_audiocvt.o) (SDL_ChooseAudioConverters)
C:/devkitPro/portlibs/switch/lib\libSDL2.a(SDL_mixer.o)
[...]
Memory Configuration

Name             Origin             Length             Attributes
*default*        0x0000000000000000 0xffffffffffffffff

Linker script and memory map

                0x0000000000000000                PROVIDE (__start__ = 0x0)
                0x0000000000000000                . = __start__

.crt0           0x0000000000000000      0x118
 *(.crt0)
 .crt0          0x0000000000000000      0x114 C:/devkitPro/libnx/lib\libnx.a(switch_crt0.o)
                0x0000000000000000                _start
                0x0000000000000104                __nx_exit
                0x0000000000000118                . = ALIGN (0x8)
 *fill*         0x0000000000000114        0x4 

.init           0x0000000000000118       0x38
 *(.init)
 .init          0x0000000000000118       0x18 c:/devkitpro/devkita64/bin/../lib/gcc/aarch64-none-elf/8.1.0/pic/crti.o
                0x0000000000000118                _init
 .init          0x0000000000000130       0x1c c:/devkitpro/devkita64/bin/../lib/gcc/aarch64-none-elf/8.1.0/pic/crtn.o
                0x0000000000000150                . = ALIGN (0x8)
 *fill*         0x000000000000014c        0x4 

.plt            0x0000000000000150        0x0
 *(.plt)
 .plt           0x0000000000000150        0x0 c:/devkitpro/devkita64/bin/../lib/gcc/aarch64-none-elf/8.1.0/pic/crti.o
 *(.iplt)
                0x0000000000000150                . = ALIGN (0x8)

.text           0x0000000000000180   0x1155b0
 *(.text.unlikely .text.*_unlikely .text.unlikely.*)
 .text.unlikely
                0x0000000000000180      0x2c8 C:/devkitPro/portlibs/switch/lib\libmpg123.a(id3.o)
 .text.unlikely
                0x0000000000000448      0x13c C:/devkitPro/portlibs/switch/lib\libmodplug.a(load_abc.o)
 *(.text.exit .text.exit.*)
 *(.text.startup .text.startup.*)
 *fill*         0x0000000000000584        0xc 
 .text.startup.main
                0x0000000000000590       0xcc main.o
                0x0000000000000590                main
 *fill*         0x000000000000065c        0x4 
 .text.startup  0x0000000000000660       0x64 C:/devkitPro/portlibs/switch/lib\libmodplug.a(fastmix.o)
 *fill*         0x00000000000006c4        0x4 
 .text.startup._GLOBAL__sub_I_eh_alloc.cc
                0x00000000000006c8       0x4c c:/devkitpro/devkita64/bin/../lib/gcc/aarch64-none-elf/8.1.0/../../../../aarch64-none-elf/lib/pic\libstdc++.a(eh_alloc.o)
 *(.text.hot .text.hot.*)
 *(.text .stub .text.* .gnu.linkonce.t.*)
 *fill*         0x0000000000000714        0x4 
 .text.deregister_tm_clones
                0x0000000000000718       0x2c c:/devkitpro/devkita64/bin/../lib/gcc/aarch64-none-elf/8.1.0/pic/crtbegin.o
 *fill*         0x0000000000000744        0x4 
 .text.register_tm_clones
                0x0000000000000748       0x38 c:/devkitpro/devkita64/bin/../lib/gcc/aarch64-none-elf/8.1.0/pic/crtbegin.o
 .text.__do_global_dtors_aux
                0x0000000000000780       0x48 c:/devkitpro/devkita64/bin/../lib/gcc/aarch64-none-elf/8.1.0/pic/crtbegin.o
 .text.frame_dummy
                0x00000000000007c8       0x34 c:/devkitpro/devkita64/bin/../lib/gcc/aarch64-none-elf/8.1.0/pic/crtbegin.o
 *fill*         0x00000000000007fc        0x4 
 .text.initAudio
                0x0000000000000800       0x30 main.o
                0x0000000000000800                initAudio
 .text.initImage
                0x0000000000000830       0xf8 main.o
                0x0000000000000830                initImage
 *fill*         0x0000000000000928        0x8 
 .text.initJoycons
                0x0000000000000930       0x78 main.o
                0x0000000000000930                initJoycons
 *fill*         0x00000000000009a8        0x8 
 .text          0x00000000000009b0     0x2b5c C:/devkitPro/portlibs/switch/lib\libSDL2_mixer.a(mixer.o)
                0x0000000000000bc0                Mix_GetNumChunkDecoders
                0x0000000000000bd0                Mix_GetChunkDecoder
                0x0000000000000c00                Mix_HasChunkDecoder
                0x0000000000000c90                Mix_Linked_Version
                0x0000000000000cb0                Mix_Init
                0x0000000000000de0                Mix_Quit
                0x0000000000000df0                Mix_QuerySpec
                0x0000000000000e40                Mix_LoadWAV_RW
                0x0000000000001450                Mix_QuickLoad_WAV
                0x0000000000001510                Mix_QuickLoad_RAW
                0x00000000000015b0                Mix_FreeChunk
                0x0000000000001680                Mix_SetPostMix
                0x00000000000016c0                Mix_HookMusic
                0x0000000000001740                Mix_GetMusicHookData
                0x0000000000001750                Mix_ChannelFinished
                0x0000000000001790                Mix_ReserveChannels
                0x00000000000017b0                Mix_ExpireChannel
                0x00000000000018c0                Mix_Volume
                0x0000000000001d70                Mix_VolumeChunk
                0x0000000000001d90                Mix_HaltChannel
                0x0000000000001e90                Mix_HaltGroup
                0x0000000000001f20                Mix_FadeOutChannel
                0x0000000000002060                Mix_FadeOutGroup
                0x0000000000002130                Mix_FadingChannel
                0x0000000000002170                Mix_Playing
                0x0000000000002230                Mix_PlayChannelTimed
                0x0000000000002450                Mix_FadeInChannelTimed
                0x0000000000002660                Mix_GetChunk
                0x00000000000026a0                Mix_Pause
                0x0000000000002750                Mix_Resume
                0x0000000000002860                Mix_Paused
                0x00000000000028f0                Mix_GroupChannel
                0x0000000000002990                Mix_GroupChannels
                0x0000000000002a10                Mix_GroupAvailable
                0x0000000000002a80                Mix_GroupCount
                0x0000000000002af0                Mix_GroupOldest
                0x0000000000002ba0                Mix_GroupNewer
                0x0000000000002c30                _Mix_RegisterEffect_locked
                0x0000000000002d60                Mix_RegisterEffect
                0x0000000000002dd0                _Mix_UnregisterEffect_locked
                0x0000000000002f50                Mix_UnregisterEffect
                0x0000000000002fb0                _Mix_UnregisterAllEffects_locked
                0x0000000000003020                Mix_UnregisterAllEffects
                0x0000000000003070                Mix_CloseAudio
                0x0000000000003150                Mix_OpenAudioDevice
                0x00000000000033d0                Mix_OpenAudio
                0x00000000000033e0                Mix_AllocateChannels
                0x00000000000034f0                Mix_LockAudio
                0x0000000000003500                Mix_UnlockAudio
 *fill*         0x000000000000350c        0x4 
 .text          0x0000000000003510     0x19b8 C:/devkitPro/portlibs/switch/lib\libSDL2_mixer.a(music.o)
                0x0000000000003630                get_num_music_interfaces
                0x0000000000003640                get_music_interface
                0x0000000000003650                Mix_GetNumMusicDecoders
                0x0000000000003660                Mix_GetMusicDecoder
                0x0000000000003690                Mix_HookMusicFinished
                0x00000000000036c0                music_pcm_getaudio
                0x00000000000037d0                music_mixer
                0x00000000000039a0                load_music
                0x0000000000003a50                has_music
                0x0000000000003aa0                detect_music_type_from_magic
                0x0000000000003b60                Mix_LoadMUSType_RW
                0x0000000000003e20                Mix_LoadMUS
                0x0000000000004200                Mix_LoadMUS_RW
                0x0000000000004210                Mix_FreeMusic
                0x0000000000004290                Mix_GetMusicType
                0x00000000000042e0                Mix_FadeInMusicPos
                0x00000000000044f0                Mix_FadeInMusic
                0x0000000000004500                Mix_PlayMusic
                0x0000000000004510                Mix_SetMusicPosition
                0x00000000000045c0                Mix_VolumeMusic
                0x0000000000004640                open_music
                0x00000000000047f0                Mix_HaltMusic
                0x0000000000004840                Mix_FadeOutMusic
                0x0000000000004960                Mix_FadingMusic
                0x00000000000049a0                Mix_PauseMusic
                0x00000000000049f0                Mix_ResumeMusic
                0x0000000000004a50                Mix_RewindMusic
                0x0000000000004a60                Mix_PausedMusic
                0x0000000000004a80                Mix_PlayingMusic
                0x0000000000004ab0                Mix_SetMusicCMD
                0x0000000000004b40                Mix_SetSynchroValue
                0x0000000000004b50                Mix_GetSynchroValue
                0x0000000000004b60                close_music
                0x0000000000004c00                unload_music
                0x0000000000004c70                Mix_SetSoundFonts
                0x0000000000004cf0                Mix_GetSoundFonts
                0x0000000000004dd0                Mix_EachSoundFont
 *fill*         0x0000000000004ec8        0x8 
 .text          0x0000000000004ed0      0x4c0 C:/devkitPro/portlibs/switch/lib\libSDL2_mixer.a(music_modplug.o)
                0x0000000000005130                MODPLUG_CreateFromRW
 .text          0x0000000000005390      0x6cc C:/devkitPro/portlibs/switch/lib\libSDL2_mixer.a(music_mpg123.o)
 *fill*         0x0000000000005a5c        0x4 
 .text          0x0000000000005a60      0x9d8 C:/devkitPro/portlibs/switch/lib\libSDL2_mixer.a(music_ogg.o)
 *fill*         0x0000000000006438        0x8 
 .text          0x0000000000006440      0x390 C:/devkitPro/portlibs/switch/lib\libSDL2_mixer.a(music_timidity.o)
                0x0000000000006490                TIMIDITY_CreateFromRW
 .text          0x00000000000067d0      0xa50 C:/devkitPro/portlibs/switch/lib\libSDL2_mixer.a(music_wav.o)
 .text          0x0000000000007220     0x15c4 C:/devkitPro/portlibs/switch/lib\libSDL2_mixer.a(playmidi.o)
                0x0000000000007bd0                Timidity_Start
                0x0000000000007c80                Timidity_Seek
                0x0000000000007f10                Timidity_GetSongLength
                0x0000000000007f50                Timidity_PlaySome
                0x0000000000008710                Timidity_SetVolume
 *fill*         0x00000000000087e4        0xc 
 .text          0x00000000000087f0      0xea8 C:/devkitPro/portlibs/switch/lib\libSDL2_mixer.a(timidity.o)
                0x0000000000008fd0                Timidity_Init_NoConfig
                0x0000000000009090                Timidity_Init
                0x0000000000009190                Timidity_LoadSong
                0x0000000000009520                Timidity_FreeSong
                0x00000000000095a0                Timidity_Exit
 *fill*         0x0000000000009698        0x8 
 .text          0x00000000000096a0      0x1cc C:/devkitPro/portlibs/switch/lib\libSDL2_mixer.a(effects_internal.o)
                0x00000000000096a0                _Mix_InitEffects
                0x00000000000096d0                _Mix_DeinitEffects
                0x00000000000096e0                _Eff_build_volume_table_u8
                0x00000000000097c0                _Eff_build_volume_table_s8
 *fill*         0x000000000000986c        0x4 
 .text          0x0000000000009870      0x554 C:/devkitPro/portlibs/switch/lib\libSDL2_mixer.a(load_aiff.o)
                0x0000000000009870                Mix_LoadAIFF_RW
 *fill*         0x0000000000009dc4        0xc 
 .text          0x0000000000009dd0      0x8c0 C:/devkitPro/portlibs/switch/lib\libSDL2_mixer.a(load_voc.o)
                0x000000000000a330                Mix_LoadVOC_RW
 .text          0x000000000000a690      0x270 C:/devkitPro/portlibs/switch/lib\libSDL2_mixer.a(common.o)
                0x000000000000a690                open_file
                0x000000000000a810                safe_malloc
                0x000000000000a820                add_to_pathlist
                0x000000000000a8b0                free_pathlist
 .text          0x000000000000a900      0xd44 C:/devkitPro/portlibs/switch/lib\libSDL2_mixer.a(instrum.o)
                0x000000000000b4c0                load_missing_instruments
                0x000000000000b540                free_instruments
                0x000000000000b5f0                set_default_instrument
 *fill*         0x000000000000b644        0xc 
 .text          0x000000000000b650      0xb30 C:/devkitPro/portlibs/switch/lib\libSDL2_mixer.a(mix.o)
                0x000000000000b650                recompute_envelope
                0x000000000000b740                apply_envelope_to_amp
                0x000000000000b9c0                mix_voice
 .text          0x000000000000c180      0x284 C:/devkitPro/portlibs/switch/lib\libSDL2_mixer.a(output.o)
                0x000000000000c180                s32tos8
                0x000000000000c1d0                s32tou8
                0x000000000000c220                s32tos16
                0x000000000000c270                s32tou16
                0x000000000000c2c0                s32tos16x
                0x000000000000c310                s32tou16x
                0x000000000000c360                s32tof32
                0x000000000000c3a0                s32tos32
                0x000000000000c3d0                s32tos32x
 *fill*         0x000000000000c404        0xc 
 .text          0x000000000000c410      0xe80 C:/devkitPro/portlibs/switch/lib\libSDL2_mixer.a(readmidi.o)
                0x000000000000cc50                read_midi_file
 .text          0x000000000000d290      0xd8c C:/devkitPro/portlibs/switch/lib\libSDL2_mixer.a(resample.o)
                0x000000000000d460                resample_voice
                0x000000000000dcf0                pre_resample
 *fill*         0x000000000000e01c        0x4 
 .text          0x000000000000e020     0x42b4 C:/devkitPro/portlibs/switch/lib\libSDL2_mixer.a(effect_position.o)
                0x0000000000011430                _Eff_PositionDeinit
                0x00000000000114c0                Mix_SetDistance
                0x0000000000011610                Mix_SetPosition
                0x0000000000012130                Mix_SetPanning
 *fill*         0x00000000000122d4        0xc 
 .text          0x00000000000122e0      0x4ec C:/devkitPro/portlibs/switch/lib\libSDL2.a(SDL.o)
                0x00000000000122e0                SDL_SetMainReady
                0x00000000000122f0                SDL_InitSubSystem
                0x00000000000124b0                SDL_Init
                0x00000000000124c0                SDL_QuitSubSystem
                0x00000000000126a0                SDL_WasInit
                0x0000000000012720                SDL_Quit
                0x0000000000012780                SDL_GetVersion
                0x00000000000127a0                SDL_GetRevision
                0x00000000000127b0                SDL_GetRevisionNumber
                0x00000000000127c0                SDL_GetPlatform
 *fill*         0x00000000000127cc        0x4 
 .text          0x00000000000127d0      0x68c C:/devkitPro/portlibs/switch/lib\libSDL2.a(SDL_assert.o)
                0x0000000000012b50                SDL_ReportAssertion
                0x0000000000012cc0                SDL_SetAssertionHandler
                0x0000000000012d00                SDL_GetAssertionReport
                0x0000000000012d10                SDL_ResetAssertionReport
                0x0000000000012d40                SDL_AssertionsQuit
                0x0000000000012e30                SDL_GetDefaultAssertionHandler
                0x0000000000012e40                SDL_GetAssertionHandler
 *fill*         0x0000000000012e5c        0x4 
 .text          0x0000000000012e60      0x6e0 C:/devkitPro/portlibs/switch/lib\libSDL2.a(SDL_error.o)
                0x00000000000130e0                SDL_SetError
                0x00000000000134a0                SDL_GetError
                0x00000000000134b0                SDL_ClearError
                0x00000000000134d0                SDL_Error
 .text          0x0000000000013540      0x4d0 C:/devkitPro/portlibs/switch/lib\libSDL2.a(SDL_hints.o)
                0x0000000000013540                SDL_SetHintWithPriority
                0x00000000000136a0                SDL_SetHint
                0x00000000000136b0                SDL_GetHint
                0x0000000000013730                SDL_GetHintBoolean
                0x0000000000013780                SDL_DelHintCallback
                0x0000000000013830                SDL_AddHintCallback
                0x00000000000139a0                SDL_ClearHints
 .text          0x0000000000013a10      0x744 C:/devkitPro/portlibs/switch/lib\libSDL2.a(SDL_log.o)
                0x0000000000013a50                SDL_LogSetAllPriority
                0x0000000000013a80                SDL_LogSetPriority
                0x0000000000013b20                SDL_LogGetPriority
                0x0000000000013ba0                SDL_LogResetPriorities
                0x0000000000013c00                SDL_LogMessageV
                0x0000000000013d00                SDL_Log
                0x0000000000013d90                SDL_LogVerbose
                0x0000000000013e10                SDL_LogDebug
                0x0000000000013e90                SDL_LogInfo
                0x0000000000013f10                SDL_LogWarn
                0x0000000000013f90                SDL_LogError
                0x0000000000014010                SDL_LogCritical
                0x0000000000014090                SDL_LogMessage
                0x0000000000014110                SDL_LogGetOutputFunction
                0x0000000000014140                SDL_LogSetOutputFunction
 *fill*         0x0000000000014154        0xc 
 .text          0x0000000000014160       0x58 C:/devkitPro/portlibs/switch/lib\libSDL2.a(SDL_spinlock.o)
                0x0000000000014160                SDL_AtomicTryLock
                0x0000000000014180                SDL_AtomicLock
                0x00000000000141b0                SDL_AtomicUnlock
 *fill*         0x00000000000141b8        0x8 
 .text          0x00000000000141c0     0x2448 C:/devkitPro/portlibs/switch/lib\libSDL2.a(SDL_audio.o)
                0x00000000000148a0                SDL_AddAudioDevice
                0x00000000000149a0                SDL_OpenedAudioDeviceDisconnected
                0x0000000000014cd0                SDL_RemoveAudioDevice
                0x0000000000014dd0                SDL_QueueAudio
                0x0000000000014ee0                SDL_DequeueAudio
                0x0000000000014fd0                SDL_GetQueuedAudioSize
                0x00000000000150e0                SDL_ClearQueuedAudio
                0x0000000000015160                SDL_GetNumAudioDrivers
                0x0000000000015170                SDL_GetAudioDriver
                0x00000000000151d0                SDL_GetCurrentAudioDriver
                0x00000000000151e0                SDL_GetNumAudioDevices
                0x0000000000015290                SDL_GetAudioDeviceName
                0x00000000000153c0                SDL_GetAudioDeviceStatus
                0x0000000000015450                SDL_GetAudioStatus
                0x0000000000015460                SDL_PauseAudioDevice
                0x00000000000154f0                SDL_PauseAudio
                0x0000000000015500                SDL_LockAudioDevice
                0x0000000000015540                SDL_LockAudio
                0x0000000000015550                SDL_UnlockAudioDevice
                0x0000000000015590                SDL_UnlockAudio
                0x00000000000155a0                SDL_CloseAudioDevice
                0x00000000000155f0                SDL_CloseAudio
                0x0000000000015600                SDL_AudioQuit
                0x00000000000156a0                SDL_AudioInit
                0x0000000000015ad0                SDL_NextAudioFormat
                0x0000000000015b20                SDL_FirstAudioFormat
                0x0000000000015bb0                SDL_CalculateAudioSpec
                0x0000000000016500                SDL_OpenAudio
                0x00000000000165d0                SDL_OpenAudioDevice
                0x00000000000165e0                SDL_MixAudio
 *fill*         0x0000000000016608        0x8 
 .text          0x0000000000016610     0x22f0 C:/devkitPro/portlibs/switch/lib\libSDL2.a(SDL_audiocvt.o)
                0x0000000000017470                SDL_PrepareResampleFilter
                0x0000000000017640                SDL_FreeResampleFilter
                0x0000000000017680                SDL_ConvertAudio
                0x0000000000017980                SDL_BuildAudioCVT
                0x0000000000018210                SDL_AudioStreamPut
                0x00000000000183e0                SDL_AudioStreamFlush
                0x0000000000018500                SDL_AudioStreamGet
                0x0000000000018580                SDL_AudioStreamAvailable
                0x00000000000185b0                SDL_AudioStreamClear
                0x0000000000018620                SDL_FreeAudioStream
                0x0000000000018680                SDL_NewAudioStream
 .text          0x0000000000018900      0x710 C:/devkitPro/portlibs/switch/lib\libSDL2.a(SDL_audiotypecvt.o)
                0x0000000000018f30                SDL_ChooseAudioConverters
 .text          0x0000000000019010      0x548 C:/devkitPro/portlibs/switch/lib\libSDL2.a(SDL_mixer.o)
                0x0000000000019010                SDL_MixAudioFormat
 *fill*         0x0000000000019558        0x8 
 .text          0x0000000000019560      0xeb4 C:/devkitPro/portlibs/switch/lib\libSDL2.a(SDL_wave.o)
                0x00000000000197f0                SDL_LoadWAV_RW
                0x000000000001a410                SDL_FreeWAV
 *fill*         0x000000000001a414        0xc 
 .text          0x000000000001a420      0xfd8 C:/devkitPro/portlibs/switch/lib\libSDL2.a(SDL_events.o)
                0x000000000001a4c0                SDL_StopEventLoop
                0x000000000001a660                SDL_PeepEvents
                0x000000000001a990                SDL_HasEvent
                0x000000000001a9c0                SDL_HasEvents
                0x000000000001a9f0                SDL_FlushEvents
                0x000000000001aa90                SDL_FlushEvent
                0x000000000001aaa0                SDL_PumpEvents
                0x000000000001aae0                SDL_WaitEventTimeout
                0x000000000001ab90                SDL_PollEvent
                0x000000000001aba0                SDL_WaitEvent
                0x000000000001abb0                SDL_PushEvent
                0x000000000001ad80                SDL_SetEventFilter
                0x000000000001ae00                SDL_GetEventFilter
                0x000000000001aeb0                SDL_AddEventWatch
                0x000000000001af60                SDL_DelEventWatch
                0x000000000001b060                SDL_FilterEvents
                0x000000000001b110                SDL_EventState
                0x000000000001b230                SDL_StartEventLoop
                0x000000000001b2d0                SDL_RegisterEvents
                0x000000000001b310                SDL_SendAppEvent
                0x000000000001b370                SDL_SendSysWMEvent
                0x000000000001b3f0                SDL_SendKeymapChangedEvent
 *fill*         0x000000000001b3f8        0x8 
 .text          0x000000000001b400     0x1194 C:/devkitPro/portlibs/switch/lib\libSDL2.a(SDL_gesture.o)
                0x000000000001b9e0                SDL_RecordGesture
                0x000000000001ba60                SDL_GestureQuit
                0x000000000001ba90                SDL_SaveAllDollarTemplates
                0x000000000001bb80                SDL_SaveDollarTemplate
                0x000000000001bc60                SDL_LoadDollarTemplates
                0x000000000001be40                SDL_GestureAddTouch
                0x000000000001bed0                SDL_GestureDelTouch
                0x000000000001bfd0                SDL_GestureProcessEvent
 *fill*         0x000000000001c594        0xc 
 .text          0x000000000001c5a0      0x144 C:/devkitPro/portlibs/switch/lib\libSDL2.a(SDL_quit.o)
                0x000000000001c5d0                SDL_QuitInit
                0x000000000001c650                SDL_QuitQuit
                0x000000000001c6c0                SDL_SendQuit
                0x000000000001c6d0                SDL_SendPendingQuit
 *fill*         0x000000000001c6e4        0xc 
 .text          0x000000000001c6f0      0xb1c C:/devkitPro/portlibs/switch/lib\libSDL2.a(SDL_rwops.o)
                0x000000000001ca90                SDL_AllocRW
                0x000000000001cae0                SDL_RWFromFP
                0x000000000001cb50                SDL_RWFromFile
                0x000000000001cbd0                SDL_RWFromMem
                0x000000000001cca0                SDL_RWFromConstMem
                0x000000000001cd70                SDL_FreeRW
                0x000000000001ce10                SDL_LoadFile_RW
                0x000000000001cf60                SDL_ReadU8
                0x000000000001cf90                SDL_ReadLE16
                0x000000000001cfc0                SDL_ReadBE16
                0x000000000001d000                SDL_ReadLE32
                0x000000000001d030                SDL_ReadBE32
                0x000000000001d060                SDL_ReadLE64
                0x000000000001d090                SDL_ReadBE64
                0x000000000001d0c0                SDL_WriteU8
                0x000000000001d0f0                SDL_WriteLE16
                0x000000000001d120                SDL_WriteBE16
                0x000000000001d150                SDL_WriteLE32
                0x000000000001d180                SDL_WriteBE32
                0x000000000001d1b0                SDL_WriteLE64
                0x000000000001d1e0                SDL_WriteBE64
 *fill*         0x000000000001d20c        0x4 
 .text          0x000000000001d210     0x25fc C:/devkitPro/portlibs/switch/lib\libSDL2.a(SDL_gamecontroller.o)
                0x000000000001d700                SDL_GameControllerGetAxisFromString
                0x000000000001d7b0                SDL_GameControllerGetStringForAxis
                0x000000000001d7d0                SDL_GameControllerGetButtonFromString
                0x000000000001e090                SDL_GameControllerGetStringForButton
                0x000000000001e0c0                SDL_GameControllerAddMapping
                0x000000000001e0d0                SDL_GameControllerAddMappingsFromRW
                0x000000000001e2f0                SDL_GameControllerNumMappings
                0x000000000001e370                SDL_GameControllerMappingForIndex
                0x000000000001e470                SDL_GameControllerMappingForGUID
                0x000000000001e520                SDL_GameControllerMapping
                0x000000000001e540                SDL_GameControllerInitMappings
                0x000000000001e640                SDL_GameControllerNameForIndex
                0x000000000001e670                SDL_IsGameControllerNameAndGUID
                0x000000000001e6d0                SDL_IsGameController
                0x000000000001e6f0                SDL_GameControllerInit
                0x000000000001ec60                SDL_ShouldIgnoreGameController
                0x000000000001ed50                SDL_GameControllerOpen
                0x000000000001ef30                SDL_GameControllerUpdate
                0x000000000001ef40                SDL_GameControllerGetAxis
                0x000000000001f140                SDL_GameControllerGetButton
                0x000000000001f270                SDL_GameControllerName
                0x000000000001f290                SDL_GameControllerGetAttached
                0x000000000001f2b0                SDL_GameControllerGetJoystick
                0x000000000001f2d0                SDL_GameControllerGetVendor
                0x000000000001f2f0                SDL_GameControllerGetProduct
                0x000000000001f310                SDL_GameControllerGetProductVersion
                0x000000000001f330                SDL_GameControllerFromInstanceID
                0x000000000001f3a0                SDL_GameControllerGetBindForAxis
                0x000000000001f480                SDL_GameControllerGetBindForButton
                0x000000000001f560                SDL_GameControllerClose
                0x000000000001f630                SDL_GameControllerQuit
                0x000000000001f680                SDL_GameControllerQuitMappings
                0x000000000001f760                SDL_GameControllerEventState
 *fill*         0x000000000001f80c        0x4 
 .text          0x000000000001f810     0x1810 C:/devkitPro/portlibs/switch/lib\libSDL2.a(SDL_joystick.o)
                0x000000000001f940                SDL_LockJoysticks
                0x000000000001f960                SDL_UnlockJoysticks
                0x000000000001f980                SDL_JoystickInit
                0x000000000001f9f0                SDL_NumJoysticks
                0x000000000001fa00                SDL_JoystickNameForIndex
                0x000000000001fa60                SDL_PrivateJoystickValid
                0x000000000001fa90                SDL_JoystickNumAxes
                0x000000000001fac0                SDL_JoystickNumHats
                0x000000000001faf0                SDL_JoystickNumBalls
                0x000000000001fb20                SDL_JoystickNumButtons
                0x000000000001fb50                SDL_JoystickGetAxis
                0x000000000001fbc0                SDL_JoystickGetAxisInitialState
                0x000000000001fc50                SDL_JoystickGetHat
                0x000000000001fcc0                SDL_JoystickGetBall
                0x000000000001fd50                SDL_JoystickGetButton
                0x000000000001fdc0                SDL_JoystickGetAttached
                0x000000000001fe00                SDL_JoystickInstanceID
                0x000000000001fe30                SDL_JoystickFromInstanceID
                0x000000000001fe90                SDL_JoystickName
                0x000000000001fed0                SDL_JoystickClose
                0x000000000001ffa0                SDL_JoystickQuit
                0x0000000000020030                SDL_PrivateJoystickAdded
                0x0000000000020090                SDL_PrivateJoystickRemoved
                0x00000000000200f0                SDL_PrivateJoystickAxis
                0x0000000000020250                SDL_PrivateJoystickHat
                0x0000000000020300                SDL_PrivateJoystickBall
                0x00000000000203c0                SDL_PrivateJoystickButton
                0x00000000000204a0                SDL_JoystickUpdate
                0x0000000000020610                SDL_JoystickEventState
                0x00000000000206d0                SDL_GetJoystickGUIDInfo
                0x0000000000020870                SDL_JoystickGetDeviceGUID
                0x00000000000208e0                SDL_JoystickGetDeviceVendor
                0x0000000000020910                SDL_JoystickGetDeviceProduct
                0x0000000000020940                SDL_JoystickGetDeviceProductVersion
                0x0000000000020970                SDL_JoystickGetDeviceType
                0x00000000000209c0                SDL_JoystickGetDeviceInstanceID
                0x0000000000020a20                SDL_JoystickGetGUID
                0x0000000000020a70                SDL_JoystickGetVendor
                0x0000000000020aa0                SDL_JoystickGetProduct
                0x0000000000020ad0                SDL_JoystickOpen
                0x0000000000020d80                SDL_JoystickGetProductVersion
                0x0000000000020db0                SDL_JoystickGetType
                0x0000000000020df0                SDL_JoystickGetGUIDString
                0x0000000000020e90                SDL_JoystickGetGUIDFromString
                0x0000000000020fe0                SDL_PrivateJoystickBatteryLevel
                0x0000000000020ff0                SDL_JoystickCurrentPowerLevel
 .text          0x0000000000021020     0x3bf0 C:/devkitPro/portlibs/switch/lib\libSDL2.a(SDL_render.o)
                0x0000000000021230                SDL_GetNumRenderDrivers
                0x0000000000021240                SDL_GetRenderDriverInfo
                0x00000000000212d0                SDL_GetRenderer
                0x00000000000212e0                SDL_GetRendererInfo
                0x0000000000021360                SDL_QueryTexture
                0x00000000000213e0                SDL_GetRendererOutputSize
                0x0000000000021470                SDL_SetTextureColorMod
                0x0000000000021520                SDL_GetTextureColorMod
                0x0000000000021590                SDL_SetTextureAlphaMod
                0x0000000000021630                SDL_GetTextureAlphaMod
                0x0000000000021690                SDL_SetTextureBlendMode
                0x0000000000021780                SDL_GetTextureBlendMode
                0x00000000000217e0                SDL_LockTexture
                0x0000000000021930                SDL_UnlockTexture
                0x0000000000021b10                SDL_UpdateTexture
                0x0000000000021ef0                SDL_UpdateYUVTexture
                0x0000000000022250                SDL_RenderTargetSupported
                0x0000000000022270                SDL_SetRenderTarget
                0x0000000000022440                SDL_GetRenderTarget
                0x0000000000022450                SDL_RenderGetLogicalSize
                0x0000000000022490                SDL_RenderGetIntegerScale
                0x00000000000224d0                SDL_RenderSetViewport
                0x00000000000225d0                SDL_CreateRenderer
                0x00000000000228a0                SDL_CreateWindowAndRenderer
                0x0000000000022910                SDL_CreateSoftwareRenderer
                0x0000000000022960                SDL_RenderGetViewport
                0x00000000000229e0                SDL_RenderSetClipRect
                0x0000000000022af0                SDL_RenderGetClipRect
                0x0000000000022b70                SDL_RenderIsClipEnabled
                0x0000000000022bb0                SDL_RenderSetScale
                0x0000000000023270                SDL_RenderSetIntegerScale
                0x00000000000232b0                SDL_RenderSetLogicalSize
                0x0000000000023340                SDL_RenderGetScale
                0x0000000000023380                SDL_SetRenderDrawColor
                0x00000000000233f0                SDL_GetRenderDrawColor
                0x0000000000023470                SDL_SetRenderDrawBlendMode
                0x0000000000023500                SDL_GetRenderDrawBlendMode
                0x0000000000023550                SDL_RenderClear
                0x00000000000235a0                SDL_RenderDrawPoints
                0x00000000000236a0                SDL_RenderDrawPoint
                0x00000000000236c0                SDL_RenderDrawLines
                0x00000000000237c0                SDL_RenderDrawLine
                0x00000000000237f0                SDL_RenderDrawRect
                0x00000000000238a0                SDL_RenderDrawRects
                0x0000000000023960                SDL_RenderFillRects
                0x0000000000023a40                SDL_RenderFillRect
                0x0000000000023ac0                SDL_RenderCopy
                0x0000000000023c50                SDL_RenderCopyEx
                0x0000000000023e90                SDL_RenderReadPixels
                0x0000000000024010                SDL_RenderPresent
                0x0000000000024050                SDL_DestroyTexture
                0x0000000000024110                SDL_CreateTexture
                0x0000000000024560                SDL_CreateTextureFromSurface
                0x0000000000024820                SDL_DestroyRenderer
                0x00000000000248b0                SDL_GL_BindTexture
                0x0000000000024940                SDL_GL_UnbindTexture
                0x00000000000249d0                SDL_RenderGetMetalLayer
                0x0000000000024a20                SDL_RenderGetMetalCommandEncoder
                0x0000000000024a70                SDL_ComposeCustomBlendMode
                0x0000000000024af0                SDL_GetBlendModeSrcColorFactor
                0x0000000000024b20                SDL_GetBlendModeDstColorFactor
                0x0000000000024b60                SDL_GetBlendModeColorOperation
                0x0000000000024b80                SDL_GetBlendModeSrcAlphaFactor
                0x0000000000024bb0                SDL_GetBlendModeDstAlphaFactor
                0x0000000000024bf0                SDL_GetBlendModeAlphaOperation
 .text          0x0000000000024c10      0xdfc C:/devkitPro/portlibs/switch/lib\libSDL2.a(SDL_yuv_sw.o)
                0x0000000000024c10                SDL_SW_QueryYUVTexturePixels
                0x0000000000024c30                SDL_SW_UpdateYUVTexture
                0x0000000000025180                SDL_SW_UpdateYUVTexturePlanar
                0x0000000000025410                SDL_SW_LockYUVTexture
                0x00000000000254f0                SDL_SW_UnlockYUVTexture
                0x0000000000025500                SDL_SW_CopyYUVToRGB
                0x0000000000025700                SDL_SW_DestroyYUVTexture
                0x0000000000025740                SDL_SW_CreateYUVTexture
 *fill*         0x0000000000025a0c        0x4 
 .text          0x0000000000025a10     0x15e0 C:/devkitPro/portlibs/switch/lib\libSDL2.a(SDL_render_sw.o)
                0x0000000000026e10                SW_CreateRendererForSurface
 .text          0x0000000000026ff0     0x11c8 C:/devkitPro/portlibs/switch/lib\libSDL2.a(SDL_rotate.o)
                0x00000000000270d0                SDLgfx_rotozoomSurfaceSizeTrig
                0x0000000000027780                SDLgfx_rotateSurface
 *fill*         0x00000000000281b8        0x8 
 .text          0x00000000000281c0       0x98 C:/devkitPro/portlibs/switch/lib\libSDL2.a(SDL_getenv.o)
                0x00000000000281c0                SDL_setenv
                0x0000000000028240                SDL_getenv
 *fill*         0x0000000000028258        0x8 
 .text          0x0000000000028260      0x258 C:/devkitPro/portlibs/switch/lib\libSDL2.a(SDL_malloc.o)
                0x0000000000028260                SDL_GetMemoryFunctions
                0x00000000000282b0                SDL_SetMemoryFunctions
                0x0000000000028330                SDL_GetNumAllocations
                0x0000000000028340                SDL_malloc
                0x00000000000283a0                SDL_calloc
                0x0000000000028400                SDL_realloc
                0x0000000000028480                SDL_free
 *fill*         0x00000000000284b8        0x8 
 .text          0x00000000000284c0      0x368 C:/devkitPro/portlibs/switch/lib\libSDL2.a(SDL_stdlib.o)
                0x00000000000284c0                SDL_atan
                0x00000000000284d0                SDL_atanf
                0x00000000000284e0                SDL_atan2
                0x00000000000284f0                SDL_atan2f
                0x0000000000028500                SDL_acos
                0x0000000000028510                SDL_acosf
                0x0000000000028520                SDL_asin
                0x0000000000028530                SDL_asinf
                0x0000000000028540                SDL_ceil
                0x0000000000028550                SDL_ceilf
                0x0000000000028560                SDL_copysign
                0x0000000000028570                SDL_copysignf
                0x0000000000028580                SDL_cos
                0x0000000000028590                SDL_cosf
                0x00000000000285a0                SDL_fabs
                0x00000000000285b0                SDL_fabsf
                0x00000000000285c0                SDL_floor
                0x00000000000285d0                SDL_floorf
                0x00000000000285e0                SDL_fmod
                0x00000000000285f0                SDL_fmodf
                0x0000000000028600                SDL_log
                0x0000000000028610                SDL_logf
                0x0000000000028620                SDL_log10
                0x0000000000028630                SDL_log10f
                0x0000000000028640                SDL_pow
                0x0000000000028650                SDL_powf
                0x0000000000028660                SDL_scalbn
                0x0000000000028670                SDL_scalbnf
                0x0000000000028680                SDL_sin
                0x0000000000028690                SDL_sinf
                0x00000000000286a0                SDL_sqrt
                0x00000000000286e0                SDL_sqrtf
                0x0000000000028720                SDL_tan
                0x0000000000028730                SDL_tanf
                0x0000000000028740                SDL_abs
                0x0000000000028750                SDL_isdigit
                0x0000000000028780                SDL_isspace
                0x00000000000287b0                SDL_toupper
                0x00000000000287f0                SDL_tolower
 *fill*         0x0000000000028828        0x8 
 .text          0x0000000000028830      0x908 C:/devkitPro/portlibs/switch/lib\libSDL2.a(SDL_string.o)
                0x0000000000028830                SDL_memset
                0x0000000000028840                SDL_memcpy
                0x0000000000028850                SDL_memmove
                0x0000000000028860                SDL_memcmp
                0x00000000000288b0                SDL_strlen
                0x00000000000288c0                SDL_wcslen
                0x00000000000288d0                SDL_wcslcpy
                0x0000000000028950                SDL_wcslcat
                0x00000000000289d0                SDL_wcscmp
                0x00000000000289e0                SDL_strlcpy
                0x00000000000289f0                SDL_utf8strlcpy
                0x0000000000028b10                SDL_utf8strlen
                0x0000000000028b40                SDL_strlcat
                0x0000000000028b50                SDL_strdup
                0x0000000000028ba0                SDL_strrev
                0x0000000000028c00                SDL_strupr
                0x0000000000028c40                SDL_strlwr
                0x0000000000028c80                SDL_strchr
                0x0000000000028c90                SDL_strrchr
                0x0000000000028ca0                SDL_strstr
                0x0000000000028cb0                SDL_itoa
                0x0000000000028cc0                SDL_ultoa
                0x0000000000028d50                SDL_uitoa
                0x0000000000028d60                SDL_ltoa
                0x0000000000028db0                SDL_ulltoa
                0x0000000000028dc0                SDL_lltoa
                0x0000000000028e10                SDL_atoi
                0x0000000000028e20                SDL_atof
                0x0000000000028e30                SDL_strtol
                0x0000000000028e40                SDL_strtoul
                0x0000000000028e50                SDL_strtoll
                0x0000000000028e60                SDL_strtoull
                0x0000000000028e70                SDL_strtod
                0x0000000000028f90                SDL_strcmp
                0x0000000000028fa0                SDL_strncmp
                0x0000000000028fb0                SDL_strcasecmp
                0x0000000000028fc0                SDL_strncasecmp
                0x0000000000028fd0                SDL_vsscanf
                0x0000000000029000                SDL_sscanf
                0x0000000000029080                SDL_vsnprintf
                0x00000000000290c0                SDL_snprintf
 *fill*         0x0000000000029138        0x8 
 .text          0x0000000000029140      0x8f0 C:/devkitPro/portlibs/switch/lib\libSDL2.a(SDL_thread.o)
                0x00000000000292b0                SDL_TLSCreate
                0x00000000000292e0                SDL_TLSGet
                0x0000000000029340                SDL_TLSSet
                0x0000000000029460                SDL_Generic_GetTLSData
                0x0000000000029540                SDL_Generic_SetTLSData
                0x0000000000029670                SDL_GetErrBuf
                0x00000000000297a0                SDL_RunThread
                0x0000000000029890                SDL_CreateThread
                0x0000000000029920                SDL_CreateThreadInternal
                0x0000000000029930                SDL_GetThreadID
                0x0000000000029940                SDL_GetThreadName
                0x0000000000029960                SDL_SetThreadPriority
                0x0000000000029970                SDL_WaitThread
                0x00000000000299c0                SDL_DetachThread
 .text          0x0000000000029a30      0x634 C:/devkitPro/portlibs/switch/lib\libSDL2.a(SDL_timer.o)
                0x0000000000029c30                SDL_TimerQuit
                0x0000000000029d10                SDL_TimerInit
                0x0000000000029df0                SDL_RemoveTimer
                0x0000000000029ef0                SDL_AddTimer
 *fill*         0x000000000002a064        0xc 
 .text          0x000000000002a070      0xf20 C:/devkitPro/portlibs/switch/lib\libSDL2.a(SDL_bmp.o)
                0x000000000002a070                SDL_LoadBMP_RW
                0x000000000002a950                SDL_SaveBMP_RW
 .text          0x000000000002af90      0x494 C:/devkitPro/portlibs/switch/lib\libSDL2.a(SDL_fillrect.o)
                0x000000000002af90                SDL_FillRect
                0x000000000002b3a0                SDL_FillRects
 *fill*         0x000000000002b424        0xc 
 .text          0x000000000002b430     0x1d8c C:/devkitPro/portlibs/switch/lib\libSDL2.a(SDL_pixels.o)
                0x000000000002b430                SDL_GetPixelFormatName
                0x000000000002b8e0                SDL_PixelFormatEnumToMasks
                0x000000000002bb20                SDL_MasksToPixelFormatEnum
                0x000000000002c040                SDL_InitFormat
                0x000000000002c240                SDL_AllocFormat
                0x000000000002c370                SDL_AllocPalette
                0x000000000002c430                SDL_SetPaletteColors
                0x000000000002c4b0                SDL_FreePalette
                0x000000000002c510                SDL_FreeFormat
                0x000000000002c5e0                SDL_SetPixelFormatPalette
                0x000000000002c670                SDL_DitherColors
                0x000000000002c6e0                SDL_FindColor
                0x000000000002c8c0                SDL_MapRGB
                0x000000000002c940                SDL_MapRGBA
                0x000000000002c9d0                SDL_GetRGB
                0x000000000002caa0                SDL_GetRGBA
                0x000000000002cbb0                SDL_AllocBlitMap
                0x000000000002cc00                SDL_InvalidateMap
                0x000000000002cc80                SDL_MapSurface
                0x000000000002d070                SDL_FreeBlitMap
                0x000000000002d0a0                SDL_CalculateGammaRamp
 *fill*         0x000000000002d1bc        0x4 
 .text          0x000000000002d1c0      0xabc C:/devkitPro/portlibs/switch/lib\libSDL2.a(SDL_rect.o)
                0x000000000002d1c0                SDL_HasIntersection
                0x000000000002d2a0                SDL_IntersectRect
                0x000000000002d3b0                SDL_UnionRect
                0x000000000002d4a0                SDL_EnclosePoints
                0x000000000002d6b0                SDL_IntersectRectAndLine
                0x000000000002db30                SDL_GetSpanEnclosingRect
 *fill*         0x000000000002dc7c        0x4 
 .text          0x000000000002dc80      0x498 C:/devkitPro/portlibs/switch/lib\libSDL2.a(SDL_stretch.o)
                0x000000000002dc80                SDL_SoftStretch
 *fill*         0x000000000002e118        0x8 
 .text          0x000000000002e120     0x1af4 C:/devkitPro/portlibs/switch/lib\libSDL2.a(SDL_surface.o)
                0x000000000002e120                SDL_CalculatePitch
                0x000000000002e1c0                SDL_SetSurfacePalette
                0x000000000002e210                SDL_SetSurfaceRLE
                0x000000000002e270                SDL_SetColorKey
                0x000000000002e380                SDL_GetColorKey
                0x000000000002e3d0                SDL_SetSurfaceColorMod
                0x000000000002e450                SDL_GetSurfaceColorMod
                0x000000000002e4a0                SDL_SetSurfaceAlphaMod
                0x000000000002e500                SDL_GetSurfaceAlphaMod
                0x000000000002e530                SDL_SetSurfaceBlendMode
                0x000000000002e600                SDL_GetSurfaceBlendMode
                0x000000000002e680                SDL_SetClipRect
                0x000000000002e6d0                SDL_GetClipRect
                0x000000000002e6f0                SDL_LowerBlit
                0x000000000002e7b0                SDL_UpperBlit
                0x000000000002e9e0                SDL_LowerBlitScaled
                0x000000000002ea90                SDL_UpperBlitScaled
                0x000000000002eed0                SDL_LockSurface
                0x000000000002ef40                SDL_UnlockSurface
                0x000000000002ef70                SDL_ConvertPixels
                0x000000000002f2a0                SDL_FreeSurface
                0x000000000002f370                SDL_CreateRGBSurfaceWithFormat
                0x000000000002f520                SDL_CreateRGBSurface
                0x000000000002f5a0                SDL_CreateRGBSurfaceFrom
                0x000000000002f630                SDL_CreateRGBSurfaceWithFormatFrom
                0x000000000002f6b0                SDL_ConvertSurface
                0x000000000002fba0                SDL_DuplicateSurface
                0x000000000002fbb0                SDL_ConvertSurfaceFormat
 *fill*         0x000000000002fc14        0xc 
 .text          0x000000000002fc20     0x58a8 C:/devkitPro/portlibs/switch/lib\libSDL2.a(SDL_video.o)
                0x0000000000030110                SDL_GetNumVideoDrivers
                0x0000000000030120                SDL_GetVideoDriver
                0x0000000000030180                SDL_GetCurrentVideoDriver
                0x00000000000301c0                SDL_GetVideoDevice
                0x00000000000301d0                SDL_AddVideoDisplay
                0x00000000000302b0                SDL_AddBasicVideoDisplay
                0x0000000000030310                SDL_GetNumVideoDisplays
                0x0000000000030350                SDL_GetDisplayDriverData
                0x00000000000303c0                SDL_GetDisplayName
                0x0000000000030430                SDL_GetDisplayBounds
                0x0000000000030510                SDL_GetDisplayUsableBounds
                0x00000000000305c0                SDL_GetDisplayDPI
                0x0000000000030660                SDL_AddDisplayMode
                0x0000000000030770                SDL_GetNumDisplayModes
                0x00000000000307e0                SDL_GetDisplayMode
                0x00000000000308d0                SDL_GetDesktopDisplayMode
                0x0000000000030950                SDL_GetCurrentDisplayMode
                0x00000000000309d0                SDL_GetClosestDisplayMode
                0x0000000000030a40                SDL_GetWindowDisplayIndex
                0x0000000000030c50                SDL_GetDisplayForWindow
                0x0000000000030c90                SDL_GetWindowDisplayMode
                0x0000000000030db0                SDL_SetWindowDisplayMode
                0x0000000000030ea0                SDL_GetWindowPixelFormat
                0x0000000000030f10                SDL_HasWindows
                0x0000000000030f30                SDL_GetWindowID
                0x0000000000030f90                SDL_GetWindowFromID
                0x0000000000030fe0                SDL_GetWindowFlags
                0x0000000000031040                SDL_SetWindowTitle
                0x0000000000031100                SDL_GetWindowTitle
                0x0000000000031180                SDL_SetWindowIcon
                0x0000000000031240                SDL_SetWindowData
                0x0000000000031440                SDL_GetWindowData
                0x00000000000319b0                SDL_SetWindowPosition
                0x0000000000031be0                SDL_GetWindowPosition
                0x0000000000031cf0                SDL_SetWindowBordered
                0x0000000000031d80                SDL_SetWindowResizable
                0x0000000000031e00                SDL_GetWindowSize
                0x0000000000031e60                SDL_GetWindowBordersSize
                0x0000000000031f20                SDL_GetWindowMinimumSize
                0x0000000000031f80                SDL_GetWindowMaximumSize
                0x0000000000031fe0                SDL_ShowWindow
                0x0000000000032070                SDL_RaiseWindow
                0x00000000000320d0                SDL_MaximizeWindow
                0x0000000000032130                SDL_RestoreWindow
                0x0000000000032190                SDL_GetWindowSurface
                0x00000000000322e0                SDL_UpdateWindowSurfaceRects
                0x0000000000032370                SDL_UpdateWindowSurface
                0x00000000000323e0                SDL_GetWindowBrightness
                0x0000000000032440                SDL_SetWindowOpacity
                0x0000000000032510                SDL_GetWindowOpacity
                0x0000000000032580                SDL_SetWindowModalFor
                0x0000000000032610                SDL_SetWindowInputFocus
                0x0000000000032690                SDL_GetWindowGammaRamp
                0x0000000000032800                SDL_SetWindowGammaRamp
                0x0000000000032950                SDL_SetWindowBrightness
                0x0000000000032a10                SDL_UpdateWindowGrab
                0x0000000000032ad0                SDL_SetWindowGrab
                0x0000000000032b40                SDL_GetWindowGrab
                0x0000000000032bb0                SDL_GetGrabbedWindow
                0x0000000000032bc0                SDL_OnWindowResized
                0x0000000000032e90                SDL_HideWindow
                0x0000000000032f40                SDL_MinimizeWindow
                0x0000000000032fd0                SDL_SetWindowFullscreen
                0x0000000000033140                SDL_OnWindowHidden
                0x0000000000033150                SDL_SetWindowSize
                0x00000000000332c0                SDL_SetWindowMinimumSize
                0x00000000000333f0                SDL_SetWindowMaximumSize
                0x0000000000033510                SDL_OnWindowMinimized
                0x0000000000033520                SDL_OnWindowRestored
                0x0000000000033540                SDL_OnWindowShown
                0x0000000000033550                SDL_OnWindowEnter
                0x0000000000033570                SDL_OnWindowLeave
                0x0000000000033580                SDL_OnWindowFocusGained
                0x0000000000033610                SDL_OnWindowFocusLost
                0x0000000000033690                SDL_GetFocusWindow
                0x00000000000336d0                SDL_IsScreenSaverEnabled
                0x0000000000033700                SDL_EnableScreenSaver
                0x0000000000033730                SDL_DisableScreenSaver
                0x0000000000033760                SDL_GL_LoadLibrary
                0x0000000000033830                SDL_GL_GetProcAddress
                0x00000000000338a0                SDL_GL_UnloadLibrary
                0x00000000000338e0                SDL_RecreateWindow
                0x0000000000033ae0                SDL_GL_ExtensionSupported
                0x0000000000033af0                SDL_GL_DeduceMaxSupportedESProfile
                0x0000000000033b00                SDL_GL_ResetAttributes
                0x0000000000033b90                SDL_GL_SetAttribute
                0x0000000000033ba0                SDL_GL_GetAttribute
                0x0000000000033bb0                SDL_GL_CreateContext
                0x0000000000033ca0                SDL_GL_GetCurrentWindow
                0x0000000000033ce0                SDL_GL_GetCurrentContext
                0x0000000000033d20                SDL_GL_MakeCurrent
                0x0000000000033e60                SDL_GL_GetDrawableSize
                0x0000000000033ec0                SDL_GL_SetSwapInterval
                0x0000000000033f40                SDL_GL_GetSwapInterval
                0x0000000000033f90                SDL_GL_SwapWindow
                0x0000000000034040                SDL_GL_DeleteContext
                0x00000000000340b0                SDL_GetWindowWMInfo
                0x0000000000034150                SDL_StartTextInput
                0x00000000000341d0                SDL_IsTextInputActive
                0x0000000000034200                SDL_StopTextInput
                0x0000000000034270                SDL_SetTextInputRect
                0x00000000000342a0                SDL_HasScreenKeyboardSupport
                0x00000000000342c0                SDL_IsScreenKeyboardShown
                0x00000000000342f0                SDL_ShowMessageBox
                0x0000000000034410                SDL_ShowSimpleMessageBox
                0x00000000000344b0                SDL_ShouldAllowTopmost
                0x00000000000344c0                SDL_SetWindowHitTest
                0x0000000000034570                SDL_ComputeDiagonalDPI
                0x00000000000345d0                SDL_OnApplicationWillTerminate
                0x00000000000345e0                SDL_OnApplicationDidReceiveMemoryWarning
                0x00000000000345f0                SDL_OnApplicationWillResignActive
                0x0000000000034660                SDL_OnApplicationDidEnterBackground
                0x0000000000034670                SDL_OnApplicationWillEnterForeground
                0x0000000000034680                SDL_OnApplicationDidBecomeActive
                0x00000000000346f0                SDL_Vulkan_LoadLibrary
                0x00000000000347a0                SDL_Vulkan_GetVkGetInstanceProcAddr
                0x00000000000347f0                SDL_Vulkan_UnloadLibrary
                0x0000000000034830                SDL_DestroyWindow
                0x0000000000034a00                SDL_CreateWindowFrom
                0x0000000000034af0                SDL_VideoQuit
                0x0000000000034cb0                SDL_VideoInit
                0x0000000000034f20                SDL_CreateWindow
                0x0000000000035310                SDL_Vulkan_GetInstanceExtensions
                0x00000000000353b0                SDL_Vulkan_CreateSurface
                0x0000000000035470                SDL_Vulkan_GetDrawableSize
 *fill*         0x00000000000354c8        0x8 
 .text          0x00000000000354d0     0x3570 C:/devkitPro/portlibs/switch/lib\libSDL2.a(SDL_yuv.o)
                0x0000000000035de0                SDL_SetYUVConversionMode
                0x0000000000035df0                SDL_GetYUVConversionMode
                0x0000000000035e00                SDL_GetYUVConversionModeForResolution
                0x00000000000370c0                SDL_ConvertPixels_YUV_to_RGB
                0x0000000000037760                SDL_ConvertPixels_RGB_to_YUV
                0x0000000000037890                SDL_ConvertPixels_YUV_to_YUV
 .text          0x0000000000038a40     0x4c24 C:/devkitPro/portlibs/switch/lib\libSDL2.a(yuv_rgb.o)
                0x0000000000038a40                yuv420_rgb565_std
                0x0000000000038f90                yuv420_rgb24_std
                0x0000000000039460                yuv420_rgba_std
                0x0000000000039990                yuv420_bgra_std
                0x0000000000039ec0                yuv420_argb_std
                0x000000000003a3d0                yuv420_abgr_std
                0x000000000003a8e0                yuv422_rgb565_std
                0x000000000003ab00                yuv422_rgb24_std
                0x000000000003acf0                yuv422_rgba_std
                0x000000000003af00                yuv422_bgra_std
                0x000000000003b110                yuv422_argb_std
                0x000000000003b320                yuv422_abgr_std
                0x000000000003b530                yuvnv12_rgb565_std
                0x000000000003ba80                yuvnv12_rgb24_std
                0x000000000003bf50                yuvnv12_rgba_std
                0x000000000003c480                yuvnv12_bgra_std
                0x000000000003c9b0                yuvnv12_argb_std
                0x000000000003cec0                yuvnv12_abgr_std
                0x000000000003d3d0                rgb24_yuv420_std
 *fill*         0x000000000003d664        0xc 
 .text          0x000000000003d670      0x694 C:/devkitPro/portlibs/switch/lib\libSDL2.a(SDL_switchvideo.o)
 *fill*         0x000000000003dd04        0xc 
 .text          0x000000000003dd10      0x2b4 C:/devkitPro/portlibs/switch/lib\libSDL2.a(SDL_switchaudio.o)
 *fill*         0x000000000003dfc4        0xc 
 .text          0x000000000003dfd0      0x3ec C:/devkitPro/portlibs/switch/lib\libSDL2.a(SDL_sysjoystick.o)
                0x000000000003dfd0                SDL_SYS_JoystickInit
                0x000000000003e020                SDL_SYS_NumJoysticks
                0x000000000003e030                SDL_SYS_JoystickDetect
                0x000000000003e040                SDL_SYS_JoystickNameForDeviceIndex
                0x000000000003e050                SDL_SYS_GetInstanceIdOfDeviceIndex
                0x000000000003e060                SDL_SYS_JoystickOpen
                0x000000000003e090                SDL_SYS_JoystickAttached
                0x000000000003e0a0                SDL_SYS_JoystickUpdate
                0x000000000003e2a0                SDL_SYS_JoystickClose
                0x000000000003e2b0                SDL_SYS_JoystickQuit
                0x000000000003e2c0                SDL_SYS_JoystickGetDeviceGUID
                0x000000000003e340                SDL_SYS_JoystickGetGUID
 *fill*         0x000000000003e3bc        0x4 
 .text          0x000000000003e3c0       0xe0 C:/devkitPro/portlibs/switch/lib\libSDL2.a(SDL_systimer.o)
                0x000000000003e3c0                SDL_TicksQuit
                0x000000000003e3d0                SDL_GetPerformanceCounter
                0x000000000003e3e0                SDL_TicksInit
                0x000000000003e420                SDL_GetPerformanceFrequency
                0x000000000003e430                SDL_GetTicks
                0x000000000003e490                SDL_Delay
 .text          0x000000000003e4a0       0xb8 C:/devkitPro/portlibs/switch/lib\libSDL2.a(SDL_sysmutex.o)
                0x000000000003e4a0                SDL_CreateMutex
                0x000000000003e4f0                SDL_DestroyMutex
                0x000000000003e500                SDL_LockMutex
                0x000000000003e530                SDL_UnlockMutex
 *fill*         0x000000000003e558        0x8 
 .text          0x000000000003e560      0x2f8 C:/devkitPro/portlibs/switch/lib\libSDL2.a(SDL_syssem.o)
                0x000000000003e560                SDL_DestroySemaphore
                0x000000000003e5e0                SDL_CreateSemaphore
                0x000000000003e660                SDL_SemTryWait
                0x000000000003e6d0                SDL_SemWaitTimeout
                0x000000000003e7a0                SDL_SemWait
                0x000000000003e7b0                SDL_SemValue
                0x000000000003e7f0                SDL_SemPost
 *fill*         0x000000000003e858        0x8 
 .text          0x000000000003e860      0x160 C:/devkitPro/portlibs/switch/lib\libSDL2.a(SDL_systhread.o)
                0x000000000003e870                SDL_SYS_CreateThread
                0x000000000003e8f0                SDL_SYS_SetupThread
                0x000000000003e900                SDL_ThreadID
                0x000000000003e930                SDL_SYS_WaitThread
                0x000000000003e970                SDL_SYS_DetachThread
                0x000000000003e990                SDL_SYS_SetThreadPriority
 .text          0x000000000003e9c0       0x14 C:/devkitPro/portlibs/switch/lib\libSDL2.a(SDL_systls.o)
                0x000000000003e9c0                SDL_SYS_GetTLSData
                0x000000000003e9d0                SDL_SYS_SetTLSData
 *fill*         0x000000000003e9d4        0xc 
 .text          0x000000000003e9e0      0x644 C:/devkitPro/portlibs/switch/lib\libSDL2.a(SDL_dataqueue.o)
                0x000000000003ea40                SDL_NewDataQueue
                0x000000000003eaf0                SDL_FreeDataQueue
                0x000000000003eb50                SDL_ClearDataQueue
                0x000000000003ec10                SDL_WriteToDataQueue
                0x000000000003ed60                SDL_PeekIntoDataQueue
                0x000000000003ee00                SDL_ReadFromDataQueue
                0x000000000003ef10                SDL_CountDataQueue
                0x000000000003ef30                SDL_ReserveSpaceInDataQueue
 *fill*         0x000000000003f024        0xc 
 .text          0x000000000003f030       0xd8 C:/devkitPro/portlibs/switch/lib\libSDL2.a(SDL_atomic.o)
                0x000000000003f030                SDL_AtomicCAS
                0x000000000003f050                SDL_AtomicCASPtr
                0x000000000003f070                SDL_AtomicSet
                0x000000000003f090                SDL_AtomicSetPtr
                0x000000000003f0b0                SDL_AtomicAdd
                0x000000000003f0d0                SDL_AtomicGet
                0x000000000003f0e0                SDL_AtomicGetPtr
                0x000000000003f0f0                SDL_MemoryBarrierReleaseFunction
                0x000000000003f100                SDL_MemoryBarrierAcquireFunction
 *fill*         0x000000000003f108        0x8 
 .text          0x000000000003f110      0xa7c C:/devkitPro/portlibs/switch/lib\libSDL2.a(SDL_keyboard.o)
                0x000000000003f110                SDL_UCS4ToUTF8
                0x000000000003f230                SDL_KeyboardInit
                0x000000000003f260                SDL_GetDefaultKeymap
                0x000000000003f270                SDL_SetKeymap
                0x000000000003f300                SDL_SetScancodeName
                0x000000000003f310                SDL_GetKeyboardFocus
                0x000000000003f320                SDL_SendKeyboardKey
                0x000000000003f510                SDL_ResetKeyboard
                0x000000000003f570                SDL_SetKeyboardFocus
                0x000000000003f660                SDL_SendKeyboardText
                0x000000000003f710                SDL_SendEditingText
                0x000000000003f7b0                SDL_KeyboardQuit
                0x000000000003f7c0                SDL_GetKeyboardState
                0x000000000003f7e0                SDL_GetModState
                0x000000000003f7f0                SDL_SetModState
                0x000000000003f800                SDL_ToggleModState
                0x000000000003f830                SDL_GetKeyFromScancode
                0x000000000003f880                SDL_GetScancodeFromKey
                0x000000000003f8c0                SDL_GetScancodeName
                0x000000000003f920                SDL_GetScancodeFromName
                0x000000000003f9c0                SDL_GetKeyName
                0x000000000003fa80                SDL_GetKeyFromName
 *fill*         0x000000000003fb8c        0x4 
 .text          0x000000000003fb90     0x1614 C:/devkitPro/portlibs/switch/lib\libSDL2.a(SDL_mouse.o)
                0x000000000003fd10                SDL_GetMouse
                0x000000000003fd20                SDL_MouseInit
                0x000000000003fda0                SDL_SetDoubleClickTime
                0x000000000003fdb0                SDL_GetMouseFocus
                0x000000000003fdd0                SDL_GetMouseState
                0x000000000003fe10                SDL_GetRelativeMouseState
                0x000000000003fe60                SDL_GetGlobalMouseState
                0x000000000003fed0                SDL_WarpMouseGlobal
                0x000000000003ff20                SDL_GetRelativeMouseMode
                0x000000000003ff40                SDL_CaptureMouse
                0x0000000000040040                SDL_CreateColorCursor
                0x0000000000040190                SDL_CreateCursor
                0x00000000000402f0                SDL_CreateSystemCursor
                0x0000000000040350                SDL_SetCursor
                0x0000000000040410                SDL_SetDefaultCursor
                0x0000000000040450                SDL_SetMouseFocus
                0x00000000000405d0                SDL_SendMouseMotion
                0x0000000000040650                SDL_WarpMouseInWindow
                0x0000000000040cb0                SDL_SendMouseButtonClicks
                0x0000000000040cc0                SDL_SendMouseButton
                0x0000000000040cd0                SDL_SendMouseWheel
                0x0000000000040e60                SDL_SetRelativeMouseMode
                0x0000000000040f90                SDL_GetCursor
                0x0000000000040fc0                SDL_GetDefaultCursor
                0x0000000000040ff0                SDL_FreeCursor
                0x0000000000041090                SDL_ShowCursor
                0x00000000000410f0                SDL_MouseQuit
 *fill*         0x00000000000411a4        0xc 
 .text          0x00000000000411b0      0x804 C:/devkitPro/portlibs/switch/lib\libSDL2.a(SDL_touch.o)
                0x00000000000411b0                SDL_TouchInit
                0x00000000000411c0                SDL_GetNumTouchDevices
                0x00000000000411d0                SDL_GetTouchDevice
                0x0000000000041220                SDL_GetTouch
                0x00000000000412d0                SDL_GetNumTouchFingers
                0x0000000000041300                SDL_GetTouchFinger
                0x0000000000041360                SDL_AddTouch
                0x0000000000041460                SDL_SendTouch
                0x00000000000416e0                SDL_SendTouchMotion
                0x0000000000041830                SDL_DelTouch
                0x0000000000041940                SDL_TouchQuit
 *fill*         0x00000000000419b4        0xc 
 .text          0x00000000000419c0      0x490 C:/devkitPro/portlibs/switch/lib\libSDL2.a(SDL_windowevents.o)
                0x0000000000041ac0                SDL_SendWindowEvent
 .text          0x0000000000041e50      0x7c8 C:/devkitPro/portlibs/switch/lib\libSDL2.a(e_pow.o)
                0x0000000000041e50                SDL_uclibc_pow
 *fill*         0x0000000000042618        0x8 
 .text          0x0000000000042620      0x204 C:/devkitPro/portlibs/switch/lib\libSDL2.a(e_sqrt.o)
                0x0000000000042620                SDL_uclibc_sqrt
 *fill*         0x0000000000042824        0xc 
 .text          0x0000000000042830       0x10 C:/devkitPro/portlibs/switch/lib\libSDL2.a(s_fabs.o)
                0x0000000000042830                SDL_uclibc_fabs
 .text          0x0000000000042840      0x138 C:/devkitPro/portlibs/switch/lib\libSDL2.a(s_scalbn.o)
                0x0000000000042840                SDL_uclibc_scalbln
                0x0000000000042970                SDL_uclibc_scalbn
 *fill*         0x0000000000042978        0x8 
 .text          0x0000000000042980     0x400c C:/devkitPro/portlibs/switch/lib\libSDL2.a(SDL_blendfillrect.o)
                0x0000000000046510                SDL_BlendFillRect
                0x0000000000046770                SDL_BlendFillRects
 *fill*         0x000000000004698c        0x4 
 .text          0x0000000000046990     0x7e0c C:/devkitPro/portlibs/switch/lib\libSDL2.a(SDL_blendline.o)
                0x000000000004e480                SDL_BlendLine
                0x000000000004e5b0                SDL_BlendLines
 *fill*         0x000000000004e79c        0x4 
 .text          0x000000000004e7a0     0x1204 C:/devkitPro/portlibs/switch/lib\libSDL2.a(SDL_blendpoint.o)
                0x000000000004f670                SDL_BlendPoint
                0x000000000004f790                SDL_BlendPoints
 *fill*         0x000000000004f9a4        0xc 
 .text          0x000000000004f9b0      0xee8 C:/devkitPro/portlibs/switch/lib\libSDL2.a(SDL_drawline.o)
                0x00000000000505c0                SDL_DrawLine
                0x00000000000506c0                SDL_DrawLines
 *fill*         0x0000000000050898        0x8 
 .text          0x00000000000508a0      0x210 C:/devkitPro/portlibs/switch/lib\libSDL2.a(SDL_drawpoint.o)
                0x00000000000508a0                SDL_DrawPoint
                0x0000000000050990                SDL_DrawPoints
 .text          0x0000000000050ab0        0x4 C:/devkitPro/portlibs/switch/lib\libSDL2.a(SDL_qsort.o)
                0x0000000000050ab0                SDL_qsort
 *fill*         0x0000000000050ab4        0xc 
 .text          0x0000000000050ac0     0x3eb8 C:/devkitPro/portlibs/switch/lib\libSDL2.a(SDL_RLEaccel.o)
                0x00000000000510f0                SDL_RLEBlit
                0x00000000000531d0                SDL_RLEAlphaBlit
                0x0000000000053b60                SDL_UnRLESurface
                0x0000000000053da0                SDL_RLESurface
 *fill*         0x0000000000054978        0x8 
 .text          0x0000000000054980      0x570 C:/devkitPro/portlibs/switch/lib\libSDL2.a(SDL_blit.o)
                0x0000000000054b70                SDL_CalculateBlit
 .text          0x0000000000054ef0     0x113c C:/devkitPro/portlibs/switch/lib\libSDL2.a(SDL_blit_0.o)
                0x0000000000055f80                SDL_CalculateBlit0
 *fill*         0x000000000005602c        0x4 
 .text          0x0000000000056030     0x3988 C:/devkitPro/portlibs/switch/lib\libSDL2.a(SDL_blit_1.o)
                0x0000000000059920                SDL_CalculateBlit1
 *fill*         0x00000000000599b8        0x8 
 .text          0x00000000000599c0     0x68c4 C:/devkitPro/portlibs/switch/lib\libSDL2.a(SDL_blit_A.o)
                0x0000000000060020                SDL_CalculateBlitA
 *fill*         0x0000000000060284        0xc 
 .text          0x0000000000060290     0xa300 C:/devkitPro/portlibs/switch/lib\libSDL2.a(SDL_blit_N.o)
                0x000000000006a260                SDL_CalculateBlitN
 .text          0x000000000006a590     0xd1f0 C:/devkitPro/portlibs/switch/lib\libSDL2.a(SDL_blit_auto.o)
 .text          0x0000000000077780      0x174 C:/devkitPro/portlibs/switch/lib\libSDL2.a(SDL_blit_copy.o)
                0x0000000000077780                SDL_BlitCopy
 *fill*         0x00000000000778f4        0xc 
 .text          0x0000000000077900      0xab0 C:/devkitPro/portlibs/switch/lib\libSDL2.a(SDL_blit_slow.o)
                0x0000000000077900                SDL_Blit_Slow
 .text          0x00000000000783b0      0x1e0 C:/devkitPro/portlibs/switch/lib\libSDL2.a(SDL_switchtouch.o)
                0x00000000000783b0                SWITCH_InitTouch
                0x00000000000783c0                SWITCH_QuitTouch
                0x00000000000783d0                SWITCH_PollTouch
 .text          0x0000000000078590      0x138 C:/devkitPro/portlibs/switch/lib\libSDL2.a(SDL_syscond.o)
                0x0000000000078590                SDL_CreateCond
                0x00000000000785e0                SDL_DestroyCond
                0x00000000000785f0                SDL_CondSignal
                0x0000000000078620                SDL_CondBroadcast
                0x0000000000078650                SDL_CondWaitTimeout
                0x00000000000786c0                SDL_CondWait
 *fill*         0x00000000000786c8        0x8 
 .text          0x00000000000786d0      0x2a8 C:/devkitPro/portlibs/switch/lib\libSDL2.a(SDL_cpuinfo.o)
                0x0000000000078730                SDL_GetCPUCount
                0x0000000000078750                SDL_GetCPUCacheLineSize
                0x00000000000787f0                SDL_HasRDTSC
                0x0000000000078810                SDL_HasAltiVec
                0x0000000000078830                SDL_HasMMX
                0x0000000000078850                SDL_Has3DNow
                0x0000000000078870                SDL_HasSSE
                0x0000000000078890                SDL_HasSSE2
                0x00000000000788b0                SDL_HasSSE3
                0x00000000000788d0                SDL_HasSSE41
                0x00000000000788f0                SDL_HasSSE42
                0x0000000000078910                SDL_HasAVX
                0x0000000000078930                SDL_HasAVX2
                0x0000000000078950                SDL_HasNEON
                0x0000000000078970                SDL_GetSystemRAM
 *fill*         0x0000000000078978        0x8 
 .text          0x0000000000078980       0x24 C:/devkitPro/portlibs/switch/lib\libSDL2.a(s_copysign.o)
                0x0000000000078980                SDL_uclibc_copysign
 *fill*         0x00000000000789a4        0xc 
 .text          0x00000000000789b0     0x30d8 C:/devkitPro/portlibs/switch/lib\libvorbisidec.a(vorbisfile.o)
                0x0000000000079980                ov_clear
                0x0000000000079cc0                ov_test_callbacks
                0x0000000000079cf0                ov_test
                0x0000000000079d20                ov_streams
                0x0000000000079d30                ov_seekable
                0x0000000000079d40                ov_bitrate_instant
                0x0000000000079da0                ov_serialnumber
                0x0000000000079e00                ov_raw_total
                0x0000000000079ec0                ov_pcm_total
                0x0000000000079f70                ov_time_total
                0x000000000007a040                ov_bitrate
                0x000000000007a180                ov_raw_seek
                0x000000000007a730                ov_open_callbacks
                0x000000000007a7c0                ov_open
                0x000000000007a7f0                ov_fopen
                0x000000000007a870                ov_test_open
                0x000000000007a900                rescale64
                0x000000000007a980                ov_pcm_seek_page
                0x000000000007b0b0                ov_pcm_seek
                0x000000000007b400                ov_time_seek
                0x000000000007b540                ov_time_seek_page
                0x000000000007b680                ov_raw_tell
                0x000000000007b6a0                ov_pcm_tell
                0x000000000007b6c0                ov_time_tell
                0x000000000007b7e0                ov_info
                0x000000000007b850                ov_comment
                0x000000000007b8c0                ov_read
 *fill*         0x000000000007ba88        0x8 
 .text          0x000000000007ba90      0xbcc C:/devkitPro/portlibs/switch/lib\libvorbisidec.a(block.o)
                0x000000000007ba90                vorbis_block_init
                0x000000000007bad0                _vorbis_block_alloc
                0x000000000007bb70                _vorbis_block_ripcord
                0x000000000007bbf0                vorbis_block_clear
                0x000000000007bc50                vorbis_synthesis_restart
                0x000000000007bcb0                vorbis_dsp_clear
                0x000000000007be20                vorbis_synthesis_init
                0x000000000007c0e0                vorbis_synthesis_blockin
                0x000000000007c5c0                vorbis_synthesis_pcmout
                0x000000000007c630                vorbis_synthesis_read
 *fill*         0x000000000007c65c        0x4 
 .text          0x000000000007c660      0x230 C:/devkitPro/portlibs/switch/lib\libvorbisidec.a(window.o)
                0x000000000007c660                _vorbis_window
                0x000000000007c730                _vorbis_apply_window
 .text          0x000000000007c890      0x2e8 C:/devkitPro/portlibs/switch/lib\libvorbisidec.a(synthesis.o)
                0x000000000007cac0                vorbis_synthesis
                0x000000000007cad0                vorbis_synthesis_trackonly
                0x000000000007cae0                vorbis_packet_blocksize
 *fill*         0x000000000007cb78        0x8 
 .text          0x000000000007cb80      0xdf0 C:/devkitPro/portlibs/switch/lib\libvorbisidec.a(info.o)
                0x000000000007cc50                vorbis_comment_init
                0x000000000007cc60                vorbis_comment_query
                0x000000000007cd60                vorbis_comment_query_count
                0x000000000007ce50                vorbis_comment_clear
                0x000000000007cee0                vorbis_info_blocksize
                0x000000000007cf00                vorbis_info_init
                0x000000000007cf40                vorbis_info_clear
                0x000000000007d110                vorbis_synthesis_idheader
                0x000000000007d1e0                vorbis_synthesis_headerin
 .text          0x000000000007d970     0x1560 C:/devkitPro/portlibs/switch/lib\libvorbisidec.a(codebook.o)
                0x000000000007d9c0                vorbis_staticbook_unpack
                0x000000000007de00                vorbis_book_decode
                0x000000000007df90                vorbis_book_decodevs_add
                0x000000000007e3c0                vorbis_book_decodev_add
                0x000000000007e790                vorbis_book_decodev_set
                0x000000000007eb40                vorbis_book_decodevv_add
 .text          0x000000000007eed0     0x107c C:/devkitPro/portlibs/switch/lib\libvorbisidec.a(sharedbook.o)
                0x000000000007ef40                _ilog
                0x000000000007ef60                _make_words
                0x000000000007f1a0                _book_maptype1_quantvals
                0x000000000007f260                _book_unquantize
                0x000000000007f9e0                vorbis_staticbook_destroy
                0x000000000007fa20                vorbis_book_clear
                0x000000000007fa90                vorbis_book_init_decode
 *fill*         0x000000000007ff4c        0x4 
 .text          0x000000000007ff50      0xb28 C:/devkitPro/portlibs/switch/lib\libvorbisidec.a(floor1.o)
 *fill*         0x0000000000080a78        0x8 
 .text          0x0000000000080a80      0xaec C:/devkitPro/portlibs/switch/lib\libvorbisidec.a(floor0.o)
                0x0000000000081020                vorbis_lsp_to_curve
 *fill*         0x000000000008156c        0x4 
 .text          0x0000000000081570      0xbf4 C:/devkitPro/portlibs/switch/lib\libvorbisidec.a(res012.o)
                0x0000000000081570                res0_free_info
                0x0000000000081580                res0_unpack
                0x00000000000817f0                res0_look
                0x0000000000081db0                res0_inverse
                0x0000000000081e00                res1_inverse
                0x0000000000081e50                res2_inverse
                0x00000000000820b0                res0_free_look
 *fill*         0x0000000000082164        0xc 
 .text          0x0000000000082170      0x934 C:/devkitPro/portlibs/switch/lib\libvorbisidec.a(mapping0.o)
 *fill*         0x0000000000082aa4        0xc 
 .text          0x0000000000082ab0     0x19ec C:/devkitPro/portlibs/switch/lib\libvorbisidec.a(mdct.o)
                0x0000000000082ab0                mdct_backward
 *fill*         0x000000000008449c        0x4 
 .text          0x00000000000844a0     0x1700 C:/devkitPro/portlibs/switch/lib\libogg.a(framing.o)
                0x00000000000845c0                ogg_page_version
                0x00000000000845d0                ogg_page_continued
                0x00000000000845e0                ogg_page_bos
                0x00000000000845f0                ogg_page_eos
                0x0000000000084600                ogg_page_granulepos
                0x0000000000084630                ogg_page_serialno
                0x0000000000084640                ogg_page_pageno
                0x0000000000084650                ogg_page_packets
                0x0000000000084690                ogg_stream_check
                0x00000000000846b0                ogg_stream_clear
                0x0000000000084710                ogg_stream_init
                0x0000000000084910                ogg_stream_destroy
                0x0000000000084950                ogg_page_checksum_set
                0x0000000000084dd0                ogg_stream_iovecin
                0x0000000000085050                ogg_stream_packetin
                0x0000000000085080                ogg_stream_flush
                0x0000000000085090                ogg_stream_flush_fill
                0x00000000000850a0                ogg_stream_pageout
                0x0000000000085120                ogg_stream_pageout_fill
                0x00000000000851c0                ogg_stream_eos
                0x0000000000085200                ogg_sync_init
                0x0000000000085220                ogg_sync_clear
                0x0000000000085260                ogg_sync_destroy
                0x00000000000852a0                ogg_sync_check
                0x00000000000852b0                ogg_sync_buffer
                0x0000000000085380                ogg_sync_wrote
                0x00000000000853d0                ogg_sync_pageseek
                0x0000000000085580                ogg_sync_pageout
                0x0000000000085600                ogg_stream_pagein
                0x00000000000859f0                ogg_sync_reset
                0x0000000000085a30                ogg_stream_reset
                0x0000000000085a80                ogg_stream_reset_serialno
                0x0000000000085ad0                ogg_stream_packetout
                0x0000000000085b20                ogg_stream_packetpeek
                0x0000000000085b70                ogg_packet_clear
 .text          0x0000000000085ba0      0xe14 C:/devkitPro/portlibs/switch/lib\libogg.a(bitwise.o)
                0x0000000000085ba0                oggpack_writeinit
                0x0000000000085be0                oggpackB_writeinit
                0x0000000000085bf0                oggpack_writecheck
                0x0000000000085c10                oggpackB_writecheck
                0x0000000000085c20                oggpack_writetrunc
                0x0000000000085c60                oggpackB_writetrunc
                0x0000000000085cb0                oggpack_reset
                0x0000000000085cd0                oggpackB_reset
                0x0000000000085ce0                oggpack_writeclear
                0x0000000000085d20                oggpack_write
                0x0000000000085eb0                oggpack_writealign
                0x0000000000085ed0                oggpackB_write
                0x0000000000086060                oggpackB_writealign
                0x0000000000086250                oggpack_writecopy
                0x0000000000086260                oggpackB_writecopy
                0x0000000000086270                oggpackB_writeclear
                0x0000000000086280                oggpack_readinit
                0x00000000000862a0                oggpackB_readinit
                0x00000000000862b0                oggpack_look
                0x00000000000863b0                oggpackB_look
                0x00000000000864c0                oggpack_look1
                0x00000000000864f0                oggpackB_look1
                0x0000000000086530                oggpack_adv
                0x00000000000865a0                oggpackB_adv
                0x00000000000865b0                oggpack_adv1
                0x00000000000865f0                oggpackB_adv1
                0x0000000000086600                oggpack_read
                0x0000000000086730                oggpackB_read
                0x0000000000086860                oggpack_read1
                0x00000000000868d0                oggpackB_read1
                0x0000000000086950                oggpack_bytes
                0x0000000000086970                oggpack_bits
                0x0000000000086980                oggpackB_bytes
                0x0000000000086990                oggpackB_bits
                0x00000000000869a0                oggpack_get_buffer
                0x00000000000869b0                oggpackB_get_buffer
 *fill*         0x00000000000869b4        0xc 
 .text          0x00000000000869c0     0x3d08 C:/devkitPro/portlibs/switch/lib\libmpg123.a(format.o)
                0x00000000000878d0                mpg123_rates
                0x0000000000087900                mpg123_encodings
                0x0000000000087930                mpg123_encsize
                0x0000000000087980                INT123_frame_output_format
                0x0000000000088410                mpg123_fmt_none
                0x0000000000088490                mpg123_format_none
                0x00000000000884d0                mpg123_fmt_all
                0x00000000000886a0                mpg123_format_all
                0x00000000000886e0                mpg123_fmt
                0x0000000000088a20                mpg123_format
                0x0000000000088a60                mpg123_fmt_support
                0x0000000000088c80                mpg123_format_support
                0x0000000000088ca0                INT123_invalidate_format
                0x0000000000088cb0                INT123_decoder_synth_bytes
                0x0000000000088cd0                INT123_samples_to_bytes
                0x0000000000088cf0                INT123_bytes_to_samples
                0x0000000000088d10                INT123_outblock_bytes
                0x0000000000088d60                INT123_postprocess_buffer
 *fill*         0x000000000008a6c8        0x8 
 .text          0x000000000008a6d0     0x3770 C:/devkitPro/portlibs/switch/lib\libmpg123.a(libmpg123.o)
                0x000000000008a830                mpg123_init
                0x000000000008a870                mpg123_exit
                0x000000000008a880                mpg123_parnew
                0x000000000008a930                mpg123_new
                0x000000000008a940                mpg123_decoder
                0x000000000008aa10                mpg123_par
                0x000000000008abd0                mpg123_param
                0x000000000008ac80                mpg123_getpar
                0x000000000008ae50                mpg123_getparam
                0x000000000008ae90                mpg123_getstate
                0x000000000008af80                mpg123_eq
                0x000000000008b030                mpg123_geteq
                0x000000000008b0a0                INT123_decode_update
                0x000000000008b470                mpg123_safe_buffer
                0x000000000008b480                mpg123_outblock
                0x000000000008b4a0                mpg123_framebyframe_decode
                0x000000000008b640                mpg123_framebyframe_next
                0x000000000008b840                mpg123_decode_frame
                0x000000000008bbd0                mpg123_feed
                0x000000000008bc40                mpg123_decode
                0x000000000008c060                mpg123_read
                0x000000000008c080                mpg123_clip
                0x000000000008c0a0                mpg123_info
                0x000000000008c210                mpg123_getformat2
                0x000000000008c430                mpg123_getformat
                0x000000000008c440                mpg123_timeframe
                0x000000000008c640                mpg123_tell
                0x000000000008c750                mpg123_tellframe
                0x000000000008c790                mpg123_tell_stream
                0x000000000008c7b0                mpg123_feedseek
                0x000000000008ca10                mpg123_seek_frame
                0x000000000008cd90                mpg123_set_filesize
                0x000000000008cdb0                mpg123_framelength
                0x000000000008d000                mpg123_length
                0x000000000008d2c0                mpg123_scan
                0x000000000008d4b0                mpg123_seek
                0x000000000008d780                mpg123_meta_check